Script started on Fri Feb 22 12:13:11 2013
[?1034hbash-3.2$ exit./stdDevExec stdDevExec[C[C[C[C[C[C[C[C[C[C[26@g++ stdDev.cpp driver.cpp -o[C[C[C[C[C[C[C[C[C[C[C
bash-3.2$ g++ stdDev.cpp driver.cpp -o stdDevExec[C[C[C[C[C[C[C[C[C[Cexit[Kg++ stdDev.cpp driver.cpp -o stdDevExec[C[C[C[C[C[C[C[C[C[C[Kg++ stdDev.cpp driver.cpp -o stdDevExec[C[C[C[C[C[C[C[C[C[Cexit[K./stdDevExec stdDevExec[1PstdDevExec
Please enter the filename.
data.txt
The mean of the data set in the input file is: 56.50
The standard deviation of the data set in the input file is: 33.81
bash-3.2$ data2.txt
bash: data2.txt: command not found
bash-3.2$ data2.txt./stdDevExec
Please enter the filename.
data2.txt
The standard deviation could not be calculated. 
More than two values are required in the data set.
bash-3.2$ ./stdDevExec
Please enter the filename.
datanot found
File not found. Please try again!
Please enter the filename.
File not found. Please try again!
Please enter the filename.
exit
File not found. Please try again!
Please enter the filename.
exit
File not found. Please try again!
Please enter the filename.
data.txt
The mean of the data set in the input file is: 56.50
The standard deviation of the data set in the input file is: 33.81
bash-3.2$ exit
exit

Script done on Fri Feb 22 12:14:29 2013
